                                                                                
                                                                                
                                                                                
                                                                                
                                                                                
                                                                                
              ┏━━━━━━━━━━━━━━━━━━━━━━━━━━━━━━━━━━━━━━━━━━━━━━━━━━┓              
              ┃                                                  ┃              
              ┃  Add Folder                                      ┃              
              ┃                                                  ┃              
              ┃            Name:                                 ┃              
              ┃  > Title                                         ┃              
              ┃                                                  ┃              
              ┃                                                  ┃              
              ┃  Enter: save • Esc: cancel                       ┃              
              ┃                                                  ┃              
              ┃                                                  ┃              
              ┗━━━━━━━━━━━━━━━━━━━━━━━━━━━━━━━━━━━━━━━━━━━━━━━━━━┛              
                                                                                
                                                                                
                                                                                
                                                                                
                                                                                
                                                                                