                                                                                
                                                                                
                                                                                
                                                                                
              ┏━━━━━━━━━━━━━━━━━━━━━━━━━━━━━━━━━━━━━━━━━━━━━━━━━━┓              
              ┃                                                  ┃              
              ┃  Add Bookmark                                    ┃              
              ┃                                                  ┃              
              ┃              Title:                              ┃              
              ┃  > Title                                         ┃              
              ┃                                                  ┃              
              ┃  URL:                                            ┃              
              ┃  > URL                                           ┃              
              ┃                                                  ┃              
              ┃                                                  ┃              
              ┃  Tab: switch field • Enter: save • Esc: cancel   ┃              
              ┃                                                  ┃              
              ┃                                                  ┃              
              ┗━━━━━━━━━━━━━━━━━━━━━━━━━━━━━━━━━━━━━━━━━━━━━━━━━━┛              
                                                                                
                                                                                
                                                                                
                                                                                
                                                                                