                                                                                
                                                                                
                                                                                
              ┏━━━━━━━━━━━━━━━━━━━━━━━━━━━━━━━━━━━━━━━━━━━━━━━━━━┓              
              ┃                                                  ┃              
              ┃  Add Bookmark                                    ┃              
              ┃                                                  ┃              
              ┃              Title:                              ┃              
              ┃  > Title                                         ┃              
              ┃                                                  ┃              
              ┃  URL:                                            ┃              
              ┃  > URL                                           ┃              
              ┃                                                  ┃              
              ┃  Tags:                                           ┃              
              ┃  > tag1, tag2, tag3                              ┃              
              ┃                                                  ┃              
              ┃                                                  ┃              
              ┗━━━━━━━━━━━━━━━━━━━━━━━━━━━━━━━━━━━━━━━━━━━━━━━━━━┛              
                                                                                
                                                                                
                                                                                
                                                                                
Local  Tab:next Enter:save Esc:cancel                                           