                                                                                
                                                                                
                                                                                
                                                                                
                                                                                
              ┏━━━━━━━━━━━━━━━━━━━━━━━━━━━━━━━━━━━━━━━━━━━━━━━━━━┓              
              ┃                                                  ┃              
              ┃  Add Bookmark                                    ┃              
              ┃                                                  ┃              
              ┃              Title:                              ┃              
              ┃  > Title                                         ┃              
              ┃                                                  ┃              
              ┃  URL:                                            ┃              
              ┃  > URL                                           ┃              
              ┃                                                  ┃              
              ┗━━━━━━━━━━━━━━━━━━━━━━━━━━━━━━━━━━━━━━━━━━━━━━━━━━┛              
                                                                                
                                                                                
                                                                                
                                                                                
                                                                                
                                                                                
Tab:next Enter:save Esc:cancel                                                  