                                                                                
                                                                                
                                                                                
                                                                                
                                                                                
                                                                                
              ┏━━━━━━━━━━━━━━━━━━━━━━━━━━━━━━━━━━━━━━━━━━━━━━━━━━┓              
              ┃                                                  ┃              
              ┃  Add Folder                                      ┃              
              ┃                                                  ┃              
              ┃            Name:                                 ┃              
              ┃  > Title                                         ┃              
              ┃                                                  ┃              
              ┗━━━━━━━━━━━━━━━━━━━━━━━━━━━━━━━━━━━━━━━━━━━━━━━━━━┛              
                                                                                
                                                                                
                                                                                
                                                                                
                                                                                
                                                                                
                                                                                
                                                                                
Local  Enter:save Esc:cancel                                                    