                                                                                
                                                                                
                                                                                
                                                                                
                                                                                
                                                                                
              ┏━━━━━━━━━━━━━━━━━━━━━━━━━━━━━━━━━━━━━━━━━━━━━━━━━━┓              
              ┃                                                  ┃              
              ┃  Delete Folder?                                  ┃              
              ┃                                                  ┃              
              ┃                Are you sure you want to delete   ┃              
              ┃  "Development"?                                  ┃              
              ┃                                                  ┃              
              ┃                                                  ┃              
              ┃  Enter: confirm • Esc: cancel                    ┃              
              ┃                                                  ┃              
              ┃                                                  ┃              
              ┗━━━━━━━━━━━━━━━━━━━━━━━━━━━━━━━━━━━━━━━━━━━━━━━━━━┛              
                                                                                
                                                                                
                                                                                
                                                                                
                                                                                
                                                                                