                                                                                
                                                                                
                                                                                
                                                                                
              ┏━━━━━━━━━━━━━━━━━━━━━━━━━━━━━━━━━━━━━━━━━━━━━━━━━━┓              
              ┃                                                  ┃              
              ┃  Delete Folder?                                  ┃              
              ┃                                                  ┃              
              ┃                "Development"                     ┃              
              ┃                                                  ┃              
              ┃                                                  ┃              
              ┃  This action cannot be undone.                   ┃              
              ┃                                                  ┃              
              ┃                                                  ┃              
              ┃  Enter confirm  Esc cancel                       ┃              
              ┃                                                  ┃              
              ┗━━━━━━━━━━━━━━━━━━━━━━━━━━━━━━━━━━━━━━━━━━━━━━━━━━┛              
                                                                                
                                                                                
                                                                                
                                                                                
                                                                                