                                                                                  
  ┏━━━━━━━━━━━━━━━━━━━━━━━━┓┏━━━━━━━━━━━━━━━━━━━━━━━━┓┏━━━━━━━━━━━━━━━━━━━━━━━━┓  
  ┃ bm                     ┃┃ (empty)                ┃┃                        ┃  
  ┃ bookmarks              ┃┃                        ┃┃                        ┃  
  ┃                        ┃┃                        ┃┃                        ┃  
  ┃                        ┃┃                        ┃┃                        ┃  
  ┃                        ┃┃                        ┃┃                        ┃  
  ┃                        ┃┃                        ┃┃                        ┃  
  ┃                        ┃┃                        ┃┃                        ┃  
  ┃                        ┃┃                        ┃┃                        ┃  
  ┃                        ┃┃                        ┃┃                        ┃  
  ┃                        ┃┃                        ┃┃                        ┃  
  ┃                        ┃┃                        ┃┃                        ┃  
  ┃                        ┃┃                        ┃┃                        ┃  
  ┃                        ┃┃                        ┃┃                        ┃  
  ┃                        ┃┃                        ┃┃                        ┃  
  ┃                        ┃┃                        ┃┃                        ┃  
  ┃                        ┃┃                        ┃┃                        ┃  
  ┃                        ┃┃                        ┃┃                        ┃  
  ┃                        ┃┃                        ┃┃                        ┃  
  ┗━━━━━━━━━━━━━━━━━━━━━━━━┛┗━━━━━━━━━━━━━━━━━━━━━━━━┛┗━━━━━━━━━━━━━━━━━━━━━━━━┛  
                                                                                  
  [ord:man] [cfm:on] [?:keys]                                                     
                                                                                  