                                                                                
  Find  5 results                                                               
                                                                                
  > █                                                                           
                                                                                
   Development/                     Development/                                
   Tools/                                                                       
   Go/                              2 items                                     
   GitHub                                                                       
   Go Docs                                                                      
                                                                                
                                                                                
                                                                                
                                                                                
                                                                                
                                                                                
                                                                                
                                                                                
                                                                                
                                                                                
                                                                                
                                                                                
                                                                                
Local  j/k:move Enter:open Esc:cancel                                           