                                                                                  
  ┏━━━━━━━━━━━━━━━━━━━━━━━━┓┏━━━━━━━━━━━━━━━━━━━━━━━━┓┏━━━━━━━━━━━━━━━━━━━━━━━━┓  
  ┃ bm                     ┃┃  Development/          ┃┃  Go/                   ┃  
  ┃ bookmarks              ┃┃  Tools/                ┃┃  Go Docs               ┃  
  ┃                        ┃┃  GitHub                ┃┃                        ┃  
  ┃                        ┃┃                        ┃┃                        ┃  
  ┃                        ┃┃                        ┃┃                        ┃  
  ┃                        ┃┃                        ┃┃                        ┃  
  ┃                        ┃┃                        ┃┃                        ┃  
  ┃                        ┃┃                        ┃┃                        ┃  
  ┃                        ┃┃                        ┃┃                        ┃  
  ┃                        ┃┃                        ┃┃                        ┃  
  ┃                        ┃┃                        ┃┃                        ┃  
  ┃                        ┃┃                        ┃┃                        ┃  
  ┃                        ┃┃                        ┃┃                        ┃  
  ┃                        ┃┃                        ┃┃                        ┃  
  ┃                        ┃┃                        ┃┃                        ┃  
  ┃                        ┃┃                        ┃┃                        ┃  
  ┃                        ┃┃                        ┃┃                        ┃  
  ┃                        ┃┃                        ┃┃                        ┃  
  ┗━━━━━━━━━━━━━━━━━━━━━━━━┛┗━━━━━━━━━━━━━━━━━━━━━━━━┛┗━━━━━━━━━━━━━━━━━━━━━━━━┛  
                                                                                  
  [ord:man] [cfm:on] [?:keys]                                                     
                                                                                  