                                                                                
  nav                 edit                                                      
  j/k  move           a    add bookmark                                         
  h/l  back/fwd       A    add folder                                           
  gg   top            i    AI add                                               
  G    bottom         L    read later                                           
  0    go to pins     O    organize                                             
                      e    edit                                                 
  pins                y    yank                                                 
  1-9  open pin       d    delete                                               
  J/K  reorder        x    cut                                                  
                      p/P  paste                                                
  act                 c    confirm toggle                                       
  l    open url                                                                 
  Y    yank url       select                                                    
  *    pin/unpin      v    select item                                          
  s    search         V    visual mode                                          
  R    recent         Esc  clear select                                         
  /    filter                                                                   
  o    sort mode      tools                                                     
  m    move           C    cull dead links                                      
                                                                                
                                                                                
                      [?/esc] close  [q]                                        
                      quit                                                      
                                                                                
                                                                                