                                                                                  
  ┏━━━━━━━━━━━━━━━━━━━━━━━━┓┏━━━━━━━━━━━━━━━━━━━━━━━━┓┏━━━━━━━━━━━━━━━━━━━━━━━━┓  
  ┃  Development/          ┃┃  Go/                   ┃┃ (empty folder)         ┃  
  ┃  Tools/                ┃┃  Go Docs               ┃┃                        ┃  
  ┃  GitHub                ┃┃                        ┃┃                        ┃  
  ┃                        ┃┃                        ┃┃                        ┃  
  ┃                        ┃┃                        ┃┃                        ┃  
  ┃                        ┃┃                        ┃┃                        ┃  
  ┃                        ┃┃                        ┃┃                        ┃  
  ┃                        ┃┃                        ┃┃                        ┃  
  ┃                        ┃┃                        ┃┃                        ┃  
  ┃                        ┃┃                        ┃┃                        ┃  
  ┃                        ┃┃                        ┃┃                        ┃  
  ┃                        ┃┃                        ┃┃                        ┃  
  ┃                        ┃┃                        ┃┃                        ┃  
  ┃                        ┃┃                        ┃┃                        ┃  
  ┃                        ┃┃                        ┃┃                        ┃  
  ┃                        ┃┃                        ┃┃                        ┃  
  ┃                        ┃┃                        ┃┃                        ┃  
  ┃                        ┃┃                        ┃┃                        ┃  
  ┗━━━━━━━━━━━━━━━━━━━━━━━━┛┗━━━━━━━━━━━━━━━━━━━━━━━━┛┗━━━━━━━━━━━━━━━━━━━━━━━━┛  
                                                                                  
  [ord:man] [cfm:on] [?:keys]                                                     
                                                                                  