                                                                                  
  ┏━━━━━━━━━━━━━━━━━━━━━━━━┓┏━━━━━━━━━━━━━━━━━━━━━━━━┓┏━━━━━━━━━━━━━━━━━━━━━━━━┓  
  ┃  Development/          ┃┃  Go/                   ┃┃ (empty folder)         ┃  
  ┃  Tools/                ┃┃  Go Docs               ┃┃                        ┃  
  ┃  GitHub                ┃┃                        ┃┃                        ┃  
  ┃                        ┃┃                        ┃┃                        ┃  
  ┃                        ┃┃                        ┃┃                        ┃  
  ┃                        ┃┃                        ┃┃                        ┃  
  ┃                        ┃┃                        ┃┃                        ┃  
  ┃                        ┃┃                        ┃┃                        ┃  
  ┃                        ┃┃                        ┃┃                        ┃  
  ┃                        ┃┃                        ┃┃                        ┃  
  ┃                        ┃┃                        ┃┃                        ┃  
  ┃                        ┃┃                        ┃┃                        ┃  
  ┃                        ┃┃                        ┃┃                        ┃  
  ┃                        ┃┃                        ┃┃                        ┃  
  ┃                        ┃┃                        ┃┃                        ┃  
  ┃                        ┃┃                        ┃┃                        ┃  
  ┃                        ┃┃                        ┃┃                        ┃  
  ┃                        ┃┃                        ┃┃                        ┃  
  ┗━━━━━━━━━━━━━━━━━━━━━━━━┛┗━━━━━━━━━━━━━━━━━━━━━━━━┛┗━━━━━━━━━━━━━━━━━━━━━━━━┛  
                                                                                  
  [ord:man] [cfm:on]                                                              
  j/k:move h:back l:open s:search /:filter a:add e:edit d:del ?:help q:quit       