                                                                                                              
   /Development                                                                                               
  ┏━━━━━━━━━━━━━━━━━━━━━━━━┓┏━━━━━━━━━━━━━━━━━━━━━━━━┓┏━━━━━━━━━━━━━━━━━━━━━━━━┓                              
  ┃  Development/          ┃┃  Go/                   ┃┃ (empty folder)         ┃                              
  ┃  Tools/                ┃┃  Go Docs               ┃┃                        ┃                              
  ┃  GitHub                ┃┃                        ┃┃                        ┃                              
  ┃                        ┃┃                        ┃┃                        ┃                              
  ┃                        ┃┃                        ┃┃                        ┃                              
  ┃                        ┃┃                        ┃┃                        ┃                              
  ┃                        ┃┃                        ┃┃                        ┃                              
  ┃                        ┃┃                        ┃┃                        ┃                              
  ┃                        ┃┃                        ┃┃                        ┃                              
  ┃                        ┃┃                        ┃┃                        ┃                              
  ┃                        ┃┃                        ┃┃                        ┃                              
  ┃                        ┃┃                        ┃┃                        ┃                              
  ┃                        ┃┃                        ┃┃                        ┃                              
  ┃                        ┃┃                        ┃┃                        ┃                              
  ┃                        ┃┃                        ┃┃                        ┃                              
  ┃                        ┃┃                        ┃┃                        ┃                              
  ┃                        ┃┃                        ┃┃                        ┃                              
  ┗━━━━━━━━━━━━━━━━━━━━━━━━┛┗━━━━━━━━━━━━━━━━━━━━━━━━┛┗━━━━━━━━━━━━━━━━━━━━━━━━┛                              
                                                                                                              
  Toggle to:order tc:confirm  [ord:man] [cfm:on]                                                              
  Local  j/k:move h:back l:enter o:open *:pin m:move O:organize v/V:select y:yank d:del x:cut p:paste e:edit  
  Global s:search R:recent /:filter i:AI add L:read later a/A:add C:cull ?:help q:quit                        